// Jest Snapshot v1, https://goo.gl/fbAQLP

exports[`Test components: Header Snapshot 1`] = `<div />`;
