// Jest Snapshot v1, https://goo.gl/fbAQLP

exports[`Test features: Example Snapshot 1`] = `<div />`;
